#-----------------------------------------------------------
# Vivado v2024.1 (64-bit)
# SW Build 5076996 on Wed May 22 18:36:09 MDT 2024
# IP Build 5075265 on Wed May 22 21:45:21 MDT 2024
# SharedData Build 5076995 on Wed May 22 18:29:18 MDT 2024
# Start of session at: Tue Aug 11 09:22:10 2026
# Process ID: 50006
# Current directory: /home/patih-fauzi/Kerja/AI_Test_5BB/Workspace
# Command line: vivado
# Log file: /home/patih-fauzi/Kerja/AI_Test_5BB/Workspace/vivado.log
# Journal file: /home/patih-fauzi/Kerja/AI_Test_5BB/Workspace/vivado.jou
# Running On        :rnd-02.logik.haus
# Platform          :unknown
# Operating System  :unknown
# Processor Detail  :Intel(R) Xeon(R) CPU E5-2630L v4 @ 1.80GHz
# CPU Frequency     :1799.998 MHz
# CPU Physical cores:12
# CPU Logical cores :12
# Host memory       :130301 MB
# Swap memory       :2193 MB
# Total Virtual     :132494 MB
# Available Virtual :117656 MB
#-----------------------------------------------------------
start_gui
open_hw_manager
connect_hw_server -url hw-lab.logik.haus:3121 -allow_non_jtag
current_hw_target [get_hw_targets */xilinx_tcf/Digilent/210276B816D8B]
set_property PARAM.FREQUENCY 15000000 [get_hw_targets */xilinx_tcf/Digilent/210276B816D8B]
open_hw_target
current_hw_device [get_hw_devices xc7a200t_0]
refresh_hw_device -update_hw_probes false [lindex [get_hw_devices xc7a200t_0] 0]
set_property PROBES.FILE {/home/patih-fauzi/Kerja/AI_Test_5BB/Bitstream/soc_wrapper.ltx} [get_hw_devices xc7a200t_0]
set_property FULL_PROBES.FILE {/home/patih-fauzi/Kerja/AI_Test_5BB/Bitstream/soc_wrapper.ltx} [get_hw_devices xc7a200t_0]
set_property PROGRAM.FILE {/home/patih-fauzi/Kerja/AI_Test_5BB/Bitstream/soc_wrapper.bit} [get_hw_devices xc7a200t_0]
program_hw_devices [get_hw_devices xc7a200t_0]
refresh_hw_device [lindex [get_hw_devices xc7a200t_0] 0]
display_hw_ila_data [ get_hw_ila_data hw_ila_data_1 -of_objects [get_hw_ilas -of_objects [get_hw_devices xc7a200t_0] -filter {CELL_NAME=~"soc_i/graphic_overlay_ila/U0/ila_lib"}]]
display_hw_ila_data [ get_hw_ila_data hw_ila_data_2 -of_objects [get_hw_ilas -of_objects [get_hw_devices xc7a200t_0] -filter {CELL_NAME=~"soc_i/system_ila_0/U0/ila_lib"}]]
display_hw_ila_data [ get_hw_ila_data hw_ila_data_3 -of_objects [get_hw_ilas -of_objects [get_hw_devices xc7a200t_0] -filter {CELL_NAME=~"soc_i/system_ila_1/U0/ila_lib"}]]
display_hw_ila_data [ get_hw_ila_data hw_ila_data_4 -of_objects [get_hw_ilas -of_objects [get_hw_devices xc7a200t_0] -filter {CELL_NAME=~"soc_i/system_ila_2/U0/ila_lib"}]]
display_hw_ila_data [ get_hw_ila_data hw_ila_data_5 -of_objects [get_hw_ilas -of_objects [get_hw_devices xc7a200t_0] -filter {CELL_NAME=~"soc_i/system_ila_3/U0/ila_lib"}]]
display_hw_ila_data [ get_hw_ila_data hw_ila_data_6 -of_objects [get_hw_ilas -of_objects [get_hw_devices xc7a200t_0] -filter {CELL_NAME=~"soc_i/system_ila_4/U0/ila_lib"}]]
